#
# There is insufficient memory for the Java Runtime Environment to continue.
# Native memory allocation (mmap) failed to map 268435456 bytes. Error detail: G1 virtual space
# Possible reasons:
#   The system is out of physical RAM or swap space
#   This process is running with CompressedOops enabled, and the Java Heap may be blocking the growth of the native heap
# Possible solutions:
#   Reduce memory load on the system
#   Increase physical memory or swap space
#   Check if swap backing store is full
#   Decrease Java heap size (-Xmx/-Xms)
#   Decrease number of Java threads
#   Decrease Java thread stack sizes (-Xss)
#   Set larger code cache with -XX:ReservedCodeCacheSize=
#   JVM is running with Zero Based Compressed Oops mode in which the Java heap is
#     placed in the first 32GB address space. The Java Heap base address is the
#     maximum limit for the native heap growth. Please use -XX:HeapBaseMinAddress
#     to set the Java Heap base and to place the Java Heap above 32GB virtual address.
# This output file may be truncated or incomplete.
#
#  Out of Memory Error (os_windows.cpp:3898), pid=11868, tid=24328
#
# JRE version:  (21.0.7+6) (build )
# Java VM: OpenJDK 64-Bit Server VM (21.0.7+6-b1038.58, mixed mode, sharing, tiered, compressed oops, compressed class ptrs, g1 gc, windows-amd64)
# No core dump will be written. Minidumps are not enabled by default on client versions of Windows
#

---------------  S U M M A R Y ------------

Command Line: git4idea.http.GitAskPassApp Username for 'https://github.com': 

Host: Intel(R) Core(TM) i5-10400F CPU @ 2.90GHz, 12 cores, 15G,  Windows 11 , 64 bit Build 26100 (10.0.26100.7309)
Time: Sun Jan  4 13:16:24 2026 Jerusalem Standard Time elapsed time: 1.285813 seconds (0d 0h 0m 1s)

---------------  T H R E A D  ---------------

Current thread (0x0000021531b264e0):  JavaThread "Unknown thread" [_thread_in_vm, id=24328, stack(0x0000009ea2f00000,0x0000009ea3000000) (1024K)]

Stack: [0x0000009ea2f00000,0x0000009ea3000000]
Native frames: (J=compiled Java code, j=interpreted, Vv=VM code, C=native code)
V  [jvm.dll+0x6e7c19]
V  [jvm.dll+0x8c5f53]
V  [jvm.dll+0x8c84ae]
V  [jvm.dll+0x8c8b93]
V  [jvm.dll+0x2899e6]
V  [jvm.dll+0x6e4455]
V  [jvm.dll+0x6d7f1a]
V  [jvm.dll+0x3640db]
V  [jvm.dll+0x36bca6]
V  [jvm.dll+0x3be046]
V  [jvm.dll+0x3be318]
V  [jvm.dll+0x33681c]
V  [jvm.dll+0x33750b]
V  [jvm.dll+0x88d3b9]
V  [jvm.dll+0x3cb218]
V  [jvm.dll+0x876408]
V  [jvm.dll+0x45ff5e]
V  [jvm.dll+0x461c41]
C  [jli.dll+0x52ab]
C  [ucrtbase.dll+0x37b0]
C  [KERNEL32.DLL+0x2e8d7]
C  [ntdll.dll+0x8c53c]


---------------  P R O C E S S  ---------------

Threads class SMR info:
_java_thread_list=0x00007ff87c8ad188, length=0, elements={
}

Java Threads: ( => current thread )
Total: 0

Other Threads:
  0x0000021533f063d0 WorkerThread "GC Thread#0"                     [id=27484, stack(0x0000009ea3000000,0x0000009ea3100000) (1024K)]
  0x0000021533f182d0 ConcurrentGCThread "G1 Main Marker"            [id=26856, stack(0x0000009ea3100000,0x0000009ea3200000) (1024K)]
  0x0000021533f19c50 WorkerThread "G1 Conc#0"                       [id=27804, stack(0x0000009ea3200000,0x0000009ea3300000) (1024K)]

[error occurred during error reporting (printing all threads), id 0xc0000005, EXCEPTION_ACCESS_VIOLATION (0xc0000005) at pc=0x00007ff87bf998f7]
VM state: not at safepoint (not fully initialized)

VM Mutex/Monitor currently owned by a thread:  ([mutex/lock_event])
[0x00007ff87c921bc8] Heap_lock - owner thread: 0x0000021531b264e0

Heap address: 0x0000000700e00000, size: 4082 MB, Compressed Oops mode: Zero based, Oop shift amount: 3

CDS archive(s) mapped at: [0x0000000000000000-0x0000000000000000-0x0000000000000000), size 0, SharedBaseAddress: 0x0000000800000000, ArchiveRelocationMode: 1.
Narrow klass base: 0x0000000000000000, Narrow klass shift: 0, Narrow klass range: 0x0

GC Precious Log:
 CardTable entry size: 512
 Card Set container configuration: InlinePtr #cards 4 size 8 Array Of Cards #cards 16 size 48 Howl #buckets 8 coarsen threshold 3686 Howl Bitmap #cards 512 size 80 coarsen threshold 460 Card regions per heap region 1 cards per card region 4096

Heap:
 garbage-first heap   total 0K, used 0K [0x0000000700e00000, 0x0000000800000000)
  region size 2048K, 0 young (0K), 0 survivors (0K)
 Metaspace       used 0K, committed 0K, reserved 0K
  class space    used 0K, committed 0K, reserved 0K

Heap Regions: E=young(eden), S=young(survivor), O=old, HS=humongous(starts), HC=humongous(continues), CS=collection set, F=free, TAMS=top-at-mark-start, PB=parsable bottom

Card table byte_map: [0x0000021547c30000,0x0000021548430000] _byte_map_base: 0x0000021544429000

Marking Bits: (CMBitMap*) 0x0000021533f07ae0
 Bits: [0x0000021548430000, 0x000002154c3f8000)

GC Heap History (0 events):
No events

Dll operation events (1 events):
Event: 0.010 Loaded shared library C:\Program Files\JetBrains\IntelliJ IDEA 2025.2\jbr\bin\java.dll

Deoptimization events (0 events):
No events

Classes loaded (0 events):
No events

Classes unloaded (0 events):
No events

Classes redefined (0 events):
No events

Internal exceptions (0 events):
No events

ZGC Phase Switch (0 events):
No events

VM Operations (0 events):
No events

Memory protections (0 events):
No events

Nmethod flushes (0 events):
No events

Events (0 events):
No events


Dynamic libraries:
0x00007ff760720000 - 0x00007ff76072a000 	C:\Program Files\JetBrains\IntelliJ IDEA 2025.2\jbr\bin\java.exe
0x00007ff8ec320000 - 0x00007ff8ec587000 	C:\WINDOWS\SYSTEM32\ntdll.dll
0x00007ff8eaff0000 - 0x00007ff8eb0b9000 	C:\WINDOWS\System32\KERNEL32.DLL
0x00007ff8e9700000 - 0x00007ff8e9aef000 	C:\WINDOWS\System32\KERNELBASE.dll
0x00007ff8e9470000 - 0x00007ff8e95bb000 	C:\WINDOWS\System32\ucrtbase.dll
0x00007ff8e4510000 - 0x00007ff8e452b000 	C:\Program Files\JetBrains\IntelliJ IDEA 2025.2\jbr\bin\VCRUNTIME140.dll
0x00007ff89eee0000 - 0x00007ff89eef8000 	C:\Program Files\JetBrains\IntelliJ IDEA 2025.2\jbr\bin\jli.dll
0x00007ff8eb230000 - 0x00007ff8eb3f5000 	C:\WINDOWS\System32\USER32.dll
0x00007ff8e9e60000 - 0x00007ff8e9e87000 	C:\WINDOWS\System32\win32u.dll
0x00007ff8d1ea0000 - 0x00007ff8d2133000 	C:\WINDOWS\WinSxS\amd64_microsoft.windows.common-controls_6595b64144ccf1df_6.0.26100.7309_none_3e05feeae336a044\COMCTL32.dll
0x00007ff8ea510000 - 0x00007ff8ea53b000 	C:\WINDOWS\System32\GDI32.dll
0x00007ff8eb170000 - 0x00007ff8eb219000 	C:\WINDOWS\System32\msvcrt.dll
0x00007ff8e9c80000 - 0x00007ff8e9dac000 	C:\WINDOWS\System32\gdi32full.dll
0x00007ff8e95c0000 - 0x00007ff8e9663000 	C:\WINDOWS\System32\msvcp_win.dll
0x00007ff8ebd70000 - 0x00007ff8ebda1000 	C:\WINDOWS\System32\IMM32.DLL
0x00007ff8e46d0000 - 0x00007ff8e46dc000 	C:\Program Files\JetBrains\IntelliJ IDEA 2025.2\jbr\bin\vcruntime140_1.dll
0x00007ff87ad20000 - 0x00007ff87adad000 	C:\Program Files\JetBrains\IntelliJ IDEA 2025.2\jbr\bin\msvcp140.dll
0x00007ff87bc50000 - 0x00007ff87ca14000 	C:\Program Files\JetBrains\IntelliJ IDEA 2025.2\jbr\bin\server\jvm.dll
0x00007ff8eb810000 - 0x00007ff8eb8c4000 	C:\WINDOWS\System32\ADVAPI32.dll
0x00007ff8eb0c0000 - 0x00007ff8eb166000 	C:\WINDOWS\System32\sechost.dll
0x00007ff8eb400000 - 0x00007ff8eb518000 	C:\WINDOWS\System32\RPCRT4.dll
0x00007ff8eb540000 - 0x00007ff8eb5b4000 	C:\WINDOWS\System32\WS2_32.dll
0x00007ff8e9120000 - 0x00007ff8e917e000 	C:\WINDOWS\SYSTEM32\POWRPROF.dll
0x00007ff8dc270000 - 0x00007ff8dc2a5000 	C:\WINDOWS\SYSTEM32\WINMM.dll
0x00007ff8e7d70000 - 0x00007ff8e7d7b000 	C:\WINDOWS\SYSTEM32\VERSION.dll
0x00007ff8e9100000 - 0x00007ff8e9114000 	C:\WINDOWS\SYSTEM32\UMPDC.dll
0x00007ff8e81f0000 - 0x00007ff8e820b000 	C:\WINDOWS\SYSTEM32\kernel.appcore.dll
0x00007ff8e4660000 - 0x00007ff8e466a000 	C:\Program Files\JetBrains\IntelliJ IDEA 2025.2\jbr\bin\jimage.dll
0x00007ff8d3330000 - 0x00007ff8d3572000 	C:\WINDOWS\SYSTEM32\DBGHELP.DLL
0x00007ff8ebe10000 - 0x00007ff8ec195000 	C:\WINDOWS\System32\combase.dll
0x00007ff8ead20000 - 0x00007ff8eadf6000 	C:\WINDOWS\System32\OLEAUT32.dll
0x00007ff8bfbd0000 - 0x00007ff8bfc0c000 	C:\WINDOWS\SYSTEM32\dbgcore.DLL
0x00007ff8e9db0000 - 0x00007ff8e9e55000 	C:\WINDOWS\System32\bcryptPrimitives.dll
0x00007ff8e44f0000 - 0x00007ff8e4510000 	C:\Program Files\JetBrains\IntelliJ IDEA 2025.2\jbr\bin\java.dll

dbghelp: loaded successfully - version: 4.0.5 - missing functions: none
symbol engine: initialized successfully - sym options: 0x614 - pdb path: .;C:\Program Files\JetBrains\IntelliJ IDEA 2025.2\jbr\bin;C:\WINDOWS\SYSTEM32;C:\WINDOWS\WinSxS\amd64_microsoft.windows.common-controls_6595b64144ccf1df_6.0.26100.7309_none_3e05feeae336a044;C:\Program Files\JetBrains\IntelliJ IDEA 2025.2\jbr\bin\server

VM Arguments:
java_command: git4idea.http.GitAskPassApp Username for 'https://github.com': 
java_class_path (initial): C:/Program Files/JetBrains/IntelliJ IDEA 2025.2/plugins/vcs-git/lib/git4idea-rt.jar;C:/Program Files/JetBrains/IntelliJ IDEA 2025.2/lib/externalProcess-rt.jar
Launcher Type: SUN_STANDARD

[Global flags]
     intx CICompilerCount                          = 4                                         {product} {ergonomic}
     uint ConcGCThreads                            = 3                                         {product} {ergonomic}
     uint G1ConcRefinementThreads                  = 10                                        {product} {ergonomic}
   size_t G1HeapRegionSize                         = 2097152                                   {product} {ergonomic}
    uintx GCDrainStackTargetSize                   = 64                                        {product} {ergonomic}
   size_t InitialHeapSize                          = 268435456                                 {product} {ergonomic}
   size_t MarkStackSize                            = 4194304                                   {product} {ergonomic}
   size_t MaxHeapSize                              = 4280287232                                {product} {ergonomic}
   size_t MinHeapDeltaBytes                        = 2097152                                   {product} {ergonomic}
   size_t MinHeapSize                              = 8388608                                   {product} {ergonomic}
    uintx NonNMethodCodeHeapSize                   = 5839372                                {pd product} {ergonomic}
    uintx NonProfiledCodeHeapSize                  = 122909434                              {pd product} {ergonomic}
    uintx ProfiledCodeHeapSize                     = 122909434                              {pd product} {ergonomic}
    uintx ReservedCodeCacheSize                    = 251658240                              {pd product} {ergonomic}
     bool SegmentedCodeCache                       = true                                      {product} {ergonomic}
   size_t SoftMaxHeapSize                          = 4280287232                             {manageable} {ergonomic}
     bool UseCompressedOops                        = true                           {product lp64_product} {ergonomic}
     bool UseG1GC                                  = true                                      {product} {ergonomic}
     bool UseLargePagesIndividualAllocation        = false                                  {pd product} {ergonomic}

Logging:
Log output configuration:
 #0: stdout all=warning uptime,level,tags foldmultilines=false
 #1: stderr all=off uptime,level,tags foldmultilines=false

Environment Variables:
PATH=C:/Program Files/Git/mingw64/libexec/git-core;C:/Program Files/Git/mingw64/libexec/git-core;C:/Program Files/Git/mingw64/libexec/git-core;C:\Program Files\Git\mingw64\bin;C:\Program Files\Git\usr\bin;C:\Users\yuvali\bin;C:\Python313\Scripts\;C:\Python313\;C:\WINDOWS\system32;C:\WINDOWS;C:\WINDOWS\System32\Wbem;C:\WINDOWS\System32\WindowsPowerShell\v1.0\;C:\WINDOWS\System32\OpenSSH\;C:\Program Files\dotnet\;C:\Program Files (x86)\dotnet\;C:\Program Files\nodejs\;C:\ProgramData\chocolatey\bin;C:\Program Files\NVIDIA Corporation\NVIDIA App\NvDLISR;C:\Program Files (x86)\NVIDIA Corporation\PhysX\Common;C:\Program Files\Git\cmd;C:\Program Files\Docker\Docker\resources\bin;C:\Program Files (x86)\Windows Kits\10\Windows Performance Toolkit\;C:\Users\yuvali\AppData\Local\Microsoft\WindowsApps;C:\Users\yuvali\AppData\Roaming\npm;C:\Users\yuvali\AppData\Roaming\Python\Python313\Scripts;C:\Program Files\JetBrains\IntelliJ IDEA 2025.2\bin;C:\Users\yuvali\AppData\Local\Python\bin
USERNAME=yuvali
DISPLAY=:0.0
LC_ALL=en_US.UTF-8
TERM=xterm-256color
TMPDIR=C:\Users\yuvali\AppData\Local\Temp
OS=Windows_NT
PROCESSOR_IDENTIFIER=Intel64 Family 6 Model 165 Stepping 3, GenuineIntel
TMP=C:\Users\yuvali\AppData\Local\Temp
TEMP=C:\Users\yuvali\AppData\Local\Temp




Periodic native trim disabled

JNI global refs:
JNI global refs: 0, weak refs: 0

JNI global refs memory usage: 0, weak refs: 0

Process memory usage:
Resident Set Size: 13060K (0% of 16712320K total physical memory with 1661624K free physical memory)

OOME stack traces (most recent first):
Classloader memory used:

---------------  S Y S T E M  ---------------

OS:
 Windows 11 , 64 bit Build 26100 (10.0.26100.7309)
OS uptime: 0 days 2:09 hours
Hyper-V role detected

CPU: total 12 (initial active 12) (6 cores per cpu, 2 threads per core) family 6 model 165 stepping 3 microcode 0xe0, cx8, cmov, fxsr, ht, mmx, 3dnowpref, sse, sse2, sse3, ssse3, sse4.1, sse4.2, popcnt, lzcnt, tsc, tscinvbit, avx, avx2, aes, erms, clmul, bmi1, bmi2, adx, fma, vzeroupper, clflush, clflushopt, hv, rdtscp, f16c
Processor Information for the first 12 processors :
  Max Mhz: 2904, Current Mhz: 2904, Mhz Limit: 2904

Memory: 4k page, system-wide physical 16320M (1622M free)
TotalPageFile size 20416M (AvailPageFile size 38M)
current process WorkingSet (physical memory assigned to process): 12M, peak: 12M
current process commit charge ("private bytes"): 64M, peak: 320M

vm_info: OpenJDK 64-Bit Server VM (21.0.7+6-b1038.58) for windows-amd64 JRE (21.0.7+6-b1038.58), built on 2025-07-07 by "builduser" with MS VC++ 16.10 / 16.11 (VS2019)

END.
